[2026-02-24 11:32:43:210210][restartedMain] INFO  com.hana8.demo.DemoApplication - Starting DemoApplication using Java 21.0.9 with PID 3672 (C:\mygit\hana8\java\demo\build\classes\java\main started by tiger in C:\mygit\hana8\java\demo)
[2026-02-24 11:32:43:210210][restartedMain] DEBUG com.hana8.demo.DemoApplication - Running with Spring Boot v4.0.3, Spring v7.0.5
[2026-02-24 11:32:43:210212][restartedMain] INFO  com.hana8.demo.DemoApplication - No active profile set, falling back to 1 default profile: "default"
[2026-02-24 11:32:44:210433][restartedMain] INFO  com.hana8.demo.DemoApplication - Started DemoApplication in 0.271 seconds (process running for 210.768)
[2026-02-24 11:32:57:784][restartedMain] INFO  com.hana8.demo.DemoApplication - Starting DemoApplication using Java 21.0.9 with PID 22556 (C:\mygit\hana8\java\demo\build\classes\java\main started by tiger in C:\mygit\hana8\java\demo)
[2026-02-24 11:32:57:787][restartedMain] DEBUG com.hana8.demo.DemoApplication - Running with Spring Boot v4.0.3, Spring v7.0.5
[2026-02-24 11:32:57:789][restartedMain] INFO  com.hana8.demo.DemoApplication - No active profile set, falling back to 1 default profile: "default"
[2026-02-24 11:32:58:2099][restartedMain] INFO  com.hana8.demo.DemoApplication - Started DemoApplication in 1.923 seconds (process running for 3.181)
[2026-02-24 11:40:20:919][restartedMain] INFO  com.hana8.demo.DemoApplication - Starting DemoApplication using Java 21.0.9 with PID 19048 (C:\mygit\hana8\java\demo\build\classes\java\main started by tiger in C:\mygit\hana8\java\demo)
[2026-02-24 11:40:20:921][restartedMain] DEBUG com.hana8.demo.DemoApplication - Running with Spring Boot v4.0.3, Spring v7.0.5
[2026-02-24 11:40:20:922][restartedMain] INFO  com.hana8.demo.DemoApplication - No active profile set, falling back to 1 default profile: "default"
[2026-02-24 11:40:22:2198][restartedMain] INFO  com.hana8.demo.DemoApplication - Started DemoApplication in 1.955 seconds (process running for 2.767)
[2026-02-24 11:40:57:37431][http-nio-8080-exec-1] INFO  com.hana8.demo.controller.HelloController - INFO: name=Hong - code=123
[2026-02-24 11:40:57:37431][http-nio-8080-exec-1] DEBUG com.hana8.demo.controller.HelloController - DEBUG:
[2026-02-24 11:40:57:37431][http-nio-8080-exec-1] WARN  com.hana8.demo.controller.HelloController - WARN: warning
[2026-02-24 11:40:57:37431][http-nio-8080-exec-1] ERROR com.hana8.demo.controller.HelloController - ERROR: Critical error happened!
[2026-02-24 13:05:19:811][restartedMain] INFO  com.hana8.demo.DemoApplication - Starting DemoApplication using Java 21.0.9 with PID 25476 (C:\mygit\hana8\java\demo\build\classes\java\main started by tiger in C:\mygit\hana8\java\demo)
[2026-02-24 13:05:19:813][restartedMain] DEBUG com.hana8.demo.DemoApplication - Running with Spring Boot v4.0.3, Spring v7.0.5
[2026-02-24 13:05:19:813][restartedMain] INFO  com.hana8.demo.DemoApplication - No active profile set, falling back to 1 default profile: "default"
[2026-02-24 13:05:20:1733][restartedMain] INFO  com.hana8.demo.DemoApplication - Started DemoApplication in 1.41 seconds (process running for 2.225)
[2026-02-24 14:11:12:616][restartedMain] INFO  com.hana8.demo.DemoApplication - Starting DemoApplication using Java 21.0.9 with PID 14284 (C:\mygit\hana8\java\demo\build\classes\java\main started by tiger in C:\mygit\hana8\java\demo)
[2026-02-24 14:11:12:620][restartedMain] DEBUG com.hana8.demo.DemoApplication - Running with Spring Boot v4.0.3, Spring v7.0.5
[2026-02-24 14:11:12:620][restartedMain] INFO  com.hana8.demo.DemoApplication - No active profile set, falling back to 1 default profile: "default"
[2026-02-24 14:11:13:1831][restartedMain] INFO  com.hana8.demo.DemoApplication - Started DemoApplication in 1.681 seconds (process running for 2.222)
[2026-02-24 14:11:15:3302][restartedMain] INFO  com.hana8.demo.DemoApplication - Starting DemoApplication using Java 21.0.9 with PID 14284 (C:\mygit\hana8\java\demo\build\classes\java\main started by tiger in C:\mygit\hana8\java\demo)
[2026-02-24 14:11:15:3302][restartedMain] DEBUG com.hana8.demo.DemoApplication - Running with Spring Boot v4.0.3, Spring v7.0.5
[2026-02-24 14:11:15:3302][restartedMain] INFO  com.hana8.demo.DemoApplication - No active profile set, falling back to 1 default profile: "default"
[2026-02-24 14:11:15:3469][restartedMain] INFO  com.hana8.demo.DemoApplication - Started DemoApplication in 0.19 seconds (process running for 3.86)
[2026-02-24 14:12:57:105561][restartedMain] INFO  com.hana8.demo.DemoApplication - Starting DemoApplication using Java 21.0.9 with PID 14284 (C:\mygit\hana8\java\demo\build\classes\java\main started by tiger in C:\mygit\hana8\java\demo)
[2026-02-24 14:12:57:105561][restartedMain] DEBUG com.hana8.demo.DemoApplication - Running with Spring Boot v4.0.3, Spring v7.0.5
[2026-02-24 14:12:57:105561][restartedMain] INFO  com.hana8.demo.DemoApplication - No active profile set, falling back to 1 default profile: "default"
[2026-02-24 14:12:58:106040][restartedMain] INFO  com.hana8.demo.DemoApplication - Started DemoApplication in 0.632 seconds (process running for 106.432)
[2026-02-24 14:12:59:107588][restartedMain] INFO  com.hana8.demo.DemoApplication - Starting DemoApplication using Java 21.0.9 with PID 14284 (C:\mygit\hana8\java\demo\build\classes\java\main started by tiger in C:\mygit\hana8\java\demo)
[2026-02-24 14:12:59:107597][restartedMain] DEBUG com.hana8.demo.DemoApplication - Running with Spring Boot v4.0.3, Spring v7.0.5
[2026-02-24 14:12:59:107600][restartedMain] INFO  com.hana8.demo.DemoApplication - No active profile set, falling back to 1 default profile: "default"
[2026-02-24 14:13:00:107952][restartedMain] INFO  com.hana8.demo.DemoApplication - Started DemoApplication in 0.412 seconds (process running for 108.344)
[2026-02-24 14:13:01:109632][restartedMain] INFO  com.hana8.demo.DemoApplication - Starting DemoApplication using Java 21.0.9 with PID 14284 (C:\mygit\hana8\java\demo\build\classes\java\main started by tiger in C:\mygit\hana8\java\demo)
[2026-02-24 14:13:01:109635][restartedMain] DEBUG com.hana8.demo.DemoApplication - Running with Spring Boot v4.0.3, Spring v7.0.5
[2026-02-24 14:13:01:109635][restartedMain] INFO  com.hana8.demo.DemoApplication - No active profile set, falling back to 1 default profile: "default"
[2026-02-24 14:13:02:109866][restartedMain] INFO  com.hana8.demo.DemoApplication - Started DemoApplication in 0.323 seconds (process running for 110.261)
[2026-02-24 14:13:03:111357][restartedMain] INFO  com.hana8.demo.DemoApplication - Starting DemoApplication using Java 21.0.9 with PID 14284 (C:\mygit\hana8\java\demo\build\classes\java\main started by tiger in C:\mygit\hana8\java\demo)
[2026-02-24 14:13:03:111357][restartedMain] DEBUG com.hana8.demo.DemoApplication - Running with Spring Boot v4.0.3, Spring v7.0.5
[2026-02-24 14:13:03:111357][restartedMain] INFO  com.hana8.demo.DemoApplication - No active profile set, falling back to 1 default profile: "default"
[2026-02-24 14:13:03:111634][restartedMain] INFO  com.hana8.demo.DemoApplication - Started DemoApplication in 0.302 seconds (process running for 112.025)
[2026-02-24 14:15:33:703][restartedMain] INFO  com.hana8.demo.DemoApplication - Starting DemoApplication using Java 21.0.9 with PID 31388 (C:\mygit\hana8\java\demo\build\classes\java\main started by tiger in C:\mygit\hana8\java\demo)
[2026-02-24 14:15:33:705][restartedMain] DEBUG com.hana8.demo.DemoApplication - Running with Spring Boot v4.0.3, Spring v7.0.5
[2026-02-24 14:15:33:706][restartedMain] INFO  com.hana8.demo.DemoApplication - No active profile set, falling back to 1 default profile: "default"
[2026-02-24 14:15:34:1686][restartedMain] INFO  com.hana8.demo.DemoApplication - Started DemoApplication in 1.442 seconds (process running for 2.115)
[2026-02-24 14:15:36:4170][restartedMain] INFO  com.hana8.demo.DemoApplication - Starting DemoApplication using Java 21.0.9 with PID 31388 (C:\mygit\hana8\java\demo\build\classes\java\main started by tiger in C:\mygit\hana8\java\demo)
[2026-02-24 14:15:36:4170][restartedMain] DEBUG com.hana8.demo.DemoApplication - Running with Spring Boot v4.0.3, Spring v7.0.5
[2026-02-24 14:15:36:4171][restartedMain] INFO  com.hana8.demo.DemoApplication - No active profile set, falling back to 1 default profile: "default"
[2026-02-24 14:15:37:4351][restartedMain] INFO  com.hana8.demo.DemoApplication - Started DemoApplication in 0.21 seconds (process running for 4.78)
[2026-02-24 14:16:48:75986][restartedMain] INFO  com.hana8.demo.DemoApplication - Starting DemoApplication using Java 21.0.9 with PID 31388 (C:\mygit\hana8\java\demo\build\classes\java\main started by tiger in C:\mygit\hana8\java\demo)
[2026-02-24 14:16:48:75986][restartedMain] DEBUG com.hana8.demo.DemoApplication - Running with Spring Boot v4.0.3, Spring v7.0.5
[2026-02-24 14:16:48:75986][restartedMain] INFO  com.hana8.demo.DemoApplication - No active profile set, falling back to 1 default profile: "default"
[2026-02-24 14:16:48:76194][restartedMain] INFO  com.hana8.demo.DemoApplication - Started DemoApplication in 0.237 seconds (process running for 76.626)
[2026-02-24 14:16:56:84216][restartedMain] INFO  com.hana8.demo.DemoApplication - Starting DemoApplication using Java 21.0.9 with PID 31388 (C:\mygit\hana8\java\demo\build\classes\java\main started by tiger in C:\mygit\hana8\java\demo)
[2026-02-24 14:16:56:84216][restartedMain] DEBUG com.hana8.demo.DemoApplication - Running with Spring Boot v4.0.3, Spring v7.0.5
[2026-02-24 14:16:56:84216][restartedMain] INFO  com.hana8.demo.DemoApplication - No active profile set, falling back to 1 default profile: "default"
[2026-02-24 14:16:57:84354][restartedMain] INFO  com.hana8.demo.DemoApplication - Started DemoApplication in 0.154 seconds (process running for 84.785)
[2026-02-24 14:24:55:563067][restartedMain] INFO  com.hana8.demo.DemoApplication - Starting DemoApplication using Java 21.0.9 with PID 31388 (C:\mygit\hana8\java\demo\build\classes\java\main started by tiger in C:\mygit\hana8\java\demo)
[2026-02-24 14:24:55:563067][restartedMain] DEBUG com.hana8.demo.DemoApplication - Running with Spring Boot v4.0.3, Spring v7.0.5
[2026-02-24 14:24:55:563067][restartedMain] INFO  com.hana8.demo.DemoApplication - No active profile set, falling back to 1 default profile: "default"
[2026-02-24 14:24:56:563334][restartedMain] INFO  com.hana8.demo.DemoApplication - Started DemoApplication in 0.311 seconds (process running for 563.774)
[2026-02-24 14:24:57:564842][restartedMain] INFO  com.hana8.demo.DemoApplication - Starting DemoApplication using Java 21.0.9 with PID 31388 (C:\mygit\hana8\java\demo\build\classes\java\main started by tiger in C:\mygit\hana8\java\demo)
[2026-02-24 14:24:57:564842][restartedMain] DEBUG com.hana8.demo.DemoApplication - Running with Spring Boot v4.0.3, Spring v7.0.5
[2026-02-24 14:24:57:564842][restartedMain] INFO  com.hana8.demo.DemoApplication - No active profile set, falling back to 1 default profile: "default"
[2026-02-24 14:24:57:564958][restartedMain] INFO  com.hana8.demo.DemoApplication - Started DemoApplication in 0.148 seconds (process running for 565.403)
[2026-02-24 14:25:05:572589][restartedMain] INFO  com.hana8.demo.DemoApplication - Starting DemoApplication using Java 21.0.9 with PID 31388 (C:\mygit\hana8\java\demo\build\classes\java\main started by tiger in C:\mygit\hana8\java\demo)
[2026-02-24 14:25:05:572589][restartedMain] DEBUG com.hana8.demo.DemoApplication - Running with Spring Boot v4.0.3, Spring v7.0.5
[2026-02-24 14:25:05:572589][restartedMain] INFO  com.hana8.demo.DemoApplication - No active profile set, falling back to 1 default profile: "default"
[2026-02-24 14:25:05:572711][restartedMain] INFO  com.hana8.demo.DemoApplication - Started DemoApplication in 0.14 seconds (process running for 573.142)
[2026-02-24 14:25:06:574202][restartedMain] INFO  com.hana8.demo.DemoApplication - Starting DemoApplication using Java 21.0.9 with PID 31388 (C:\mygit\hana8\java\demo\build\classes\java\main started by tiger in C:\mygit\hana8\java\demo)
[2026-02-24 14:25:06:574202][restartedMain] DEBUG com.hana8.demo.DemoApplication - Running with Spring Boot v4.0.3, Spring v7.0.5
[2026-02-24 14:25:06:574202][restartedMain] INFO  com.hana8.demo.DemoApplication - No active profile set, falling back to 1 default profile: "default"
[2026-02-24 14:27:54:741378][restartedMain] INFO  com.hana8.demo.DemoApplication - Starting DemoApplication using Java 21.0.9 with PID 31388 (C:\mygit\hana8\java\demo\build\classes\java\main started by tiger in C:\mygit\hana8\java\demo)
[2026-02-24 14:27:54:741380][restartedMain] DEBUG com.hana8.demo.DemoApplication - Running with Spring Boot v4.0.3, Spring v7.0.5
[2026-02-24 14:27:54:741380][restartedMain] INFO  com.hana8.demo.DemoApplication - No active profile set, falling back to 1 default profile: "default"
[2026-02-24 14:27:56:743477][restartedMain] INFO  com.hana8.demo.DemoApplication - Starting DemoApplication using Java 21.0.9 with PID 31388 (C:\mygit\hana8\java\demo\build\classes\java\main started by tiger in C:\mygit\hana8\java\demo)
[2026-02-24 14:27:56:743477][restartedMain] DEBUG com.hana8.demo.DemoApplication - Running with Spring Boot v4.0.3, Spring v7.0.5
[2026-02-24 14:27:56:743477][restartedMain] INFO  com.hana8.demo.DemoApplication - No active profile set, falling back to 1 default profile: "default"
[2026-02-24 14:28:01:749165][restartedMain] INFO  com.hana8.demo.DemoApplication - Starting DemoApplication using Java 21.0.9 with PID 31388 (C:\mygit\hana8\java\demo\build\classes\java\main started by tiger in C:\mygit\hana8\java\demo)
[2026-02-24 14:28:01:749165][restartedMain] DEBUG com.hana8.demo.DemoApplication - Running with Spring Boot v4.0.3, Spring v7.0.5
[2026-02-24 14:28:01:749165][restartedMain] INFO  com.hana8.demo.DemoApplication - No active profile set, falling back to 1 default profile: "default"
[2026-02-24 14:28:03:750738][restartedMain] INFO  com.hana8.demo.DemoApplication - Starting DemoApplication using Java 21.0.9 with PID 31388 (C:\mygit\hana8\java\demo\build\classes\java\main started by tiger in C:\mygit\hana8\java\demo)
[2026-02-24 14:28:03:750747][restartedMain] DEBUG com.hana8.demo.DemoApplication - Running with Spring Boot v4.0.3, Spring v7.0.5
[2026-02-24 14:28:03:750747][restartedMain] INFO  com.hana8.demo.DemoApplication - No active profile set, falling back to 1 default profile: "default"
[2026-02-24 14:31:42:970224][restartedMain] INFO  com.hana8.demo.DemoApplication - Starting DemoApplication using Java 21.0.9 with PID 31388 (C:\mygit\hana8\java\demo\build\classes\java\main started by tiger in C:\mygit\hana8\java\demo)
[2026-02-24 14:31:42:970224][restartedMain] DEBUG com.hana8.demo.DemoApplication - Running with Spring Boot v4.0.3, Spring v7.0.5
[2026-02-24 14:31:42:970224][restartedMain] INFO  com.hana8.demo.DemoApplication - No active profile set, falling back to 1 default profile: "default"
[2026-02-24 14:31:43:970416][restartedMain] INFO  com.hana8.demo.DemoApplication - Started DemoApplication in 0.225 seconds (process running for 970.845)
[2026-02-24 14:31:44:971911][restartedMain] INFO  com.hana8.demo.DemoApplication - Starting DemoApplication using Java 21.0.9 with PID 31388 (C:\mygit\hana8\java\demo\build\classes\java\main started by tiger in C:\mygit\hana8\java\demo)
[2026-02-24 14:31:44:971911][restartedMain] DEBUG com.hana8.demo.DemoApplication - Running with Spring Boot v4.0.3, Spring v7.0.5
[2026-02-24 14:31:44:971911][restartedMain] INFO  com.hana8.demo.DemoApplication - No active profile set, falling back to 1 default profile: "default"
[2026-02-24 14:31:44:972075][restartedMain] INFO  com.hana8.demo.DemoApplication - Started DemoApplication in 0.203 seconds (process running for 972.506)
[2026-02-24 14:31:51:978687][restartedMain] INFO  com.hana8.demo.DemoApplication - Starting DemoApplication using Java 21.0.9 with PID 31388 (C:\mygit\hana8\java\demo\build\classes\java\main started by tiger in C:\mygit\hana8\java\demo)
[2026-02-24 14:31:51:978687][restartedMain] DEBUG com.hana8.demo.DemoApplication - Running with Spring Boot v4.0.3, Spring v7.0.5
[2026-02-24 14:31:51:978687][restartedMain] INFO  com.hana8.demo.DemoApplication - No active profile set, falling back to 1 default profile: "default"
[2026-02-24 14:32:58:1045348][restartedMain] INFO  com.hana8.demo.DemoApplication - Starting DemoApplication using Java 21.0.9 with PID 31388 (C:\mygit\hana8\java\demo\build\classes\java\main started by tiger in C:\mygit\hana8\java\demo)
[2026-02-24 14:32:58:1045348][restartedMain] DEBUG com.hana8.demo.DemoApplication - Running with Spring Boot v4.0.3, Spring v7.0.5
[2026-02-24 14:32:58:1045348][restartedMain] INFO  com.hana8.demo.DemoApplication - No active profile set, falling back to 1 default profile: "default"
[2026-02-24 14:37:01:1288401][restartedMain] INFO  com.hana8.demo.DemoApplication - Starting DemoApplication using Java 21.0.9 with PID 31388 (C:\mygit\hana8\java\demo\build\classes\java\main started by tiger in C:\mygit\hana8\java\demo)
[2026-02-24 14:37:01:1288401][restartedMain] DEBUG com.hana8.demo.DemoApplication - Running with Spring Boot v4.0.3, Spring v7.0.5
[2026-02-24 14:37:01:1288401][restartedMain] INFO  com.hana8.demo.DemoApplication - No active profile set, falling back to 1 default profile: "default"
[2026-02-24 14:37:02:1289948][restartedMain] INFO  com.hana8.demo.DemoApplication - Starting DemoApplication using Java 21.0.9 with PID 31388 (C:\mygit\hana8\java\demo\build\classes\java\main started by tiger in C:\mygit\hana8\java\demo)
[2026-02-24 14:37:02:1289948][restartedMain] DEBUG com.hana8.demo.DemoApplication - Running with Spring Boot v4.0.3, Spring v7.0.5
[2026-02-24 14:37:02:1289948][restartedMain] INFO  com.hana8.demo.DemoApplication - No active profile set, falling back to 1 default profile: "default"
[2026-02-24 14:37:06:1293518][restartedMain] INFO  com.hana8.demo.DemoApplication - Starting DemoApplication using Java 21.0.9 with PID 31388 (C:\mygit\hana8\java\demo\build\classes\java\main started by tiger in C:\mygit\hana8\java\demo)
[2026-02-24 14:37:06:1293518][restartedMain] DEBUG com.hana8.demo.DemoApplication - Running with Spring Boot v4.0.3, Spring v7.0.5
[2026-02-24 14:37:06:1293518][restartedMain] INFO  com.hana8.demo.DemoApplication - No active profile set, falling back to 1 default profile: "default"
[2026-02-24 14:37:07:1295114][restartedMain] INFO  com.hana8.demo.DemoApplication - Starting DemoApplication using Java 21.0.9 with PID 31388 (C:\mygit\hana8\java\demo\build\classes\java\main started by tiger in C:\mygit\hana8\java\demo)
[2026-02-24 14:37:07:1295116][restartedMain] DEBUG com.hana8.demo.DemoApplication - Running with Spring Boot v4.0.3, Spring v7.0.5
[2026-02-24 14:37:07:1295116][restartedMain] INFO  com.hana8.demo.DemoApplication - No active profile set, falling back to 1 default profile: "default"
[2026-02-24 14:44:10:1717514][restartedMain] INFO  com.hana8.demo.DemoApplication - Starting DemoApplication using Java 21.0.9 with PID 31388 (C:\mygit\hana8\java\demo\build\classes\java\main started by tiger in C:\mygit\hana8\java\demo)
[2026-02-24 14:44:10:1717514][restartedMain] DEBUG com.hana8.demo.DemoApplication - Running with Spring Boot v4.0.3, Spring v7.0.5
[2026-02-24 14:44:10:1717514][restartedMain] INFO  com.hana8.demo.DemoApplication - No active profile set, falling back to 1 default profile: "default"
[2026-02-24 14:44:11:1719313][restartedMain] INFO  com.hana8.demo.DemoApplication - Starting DemoApplication using Java 21.0.9 with PID 31388 (C:\mygit\hana8\java\demo\build\classes\java\main started by tiger in C:\mygit\hana8\java\demo)
[2026-02-24 14:44:11:1719313][restartedMain] DEBUG com.hana8.demo.DemoApplication - Running with Spring Boot v4.0.3, Spring v7.0.5
[2026-02-24 14:44:11:1719313][restartedMain] INFO  com.hana8.demo.DemoApplication - No active profile set, falling back to 1 default profile: "default"
[2026-02-24 14:44:19:1727180][restartedMain] INFO  com.hana8.demo.DemoApplication - Starting DemoApplication using Java 21.0.9 with PID 31388 (C:\mygit\hana8\java\demo\build\classes\java\main started by tiger in C:\mygit\hana8\java\demo)
[2026-02-24 14:44:19:1727180][restartedMain] DEBUG com.hana8.demo.DemoApplication - Running with Spring Boot v4.0.3, Spring v7.0.5
[2026-02-24 14:44:19:1727180][restartedMain] INFO  com.hana8.demo.DemoApplication - No active profile set, falling back to 1 default profile: "default"
[2026-02-24 14:44:19:1727314][restartedMain] INFO  com.hana8.demo.DemoApplication - Started DemoApplication in 0.166 seconds (process running for 1727.751)
[2026-02-24 15:07:38:3125332][restartedMain] INFO  com.hana8.demo.DemoApplication - Starting DemoApplication using Java 21.0.9 with PID 31388 (C:\mygit\hana8\java\demo\build\classes\java\main started by tiger in C:\mygit\hana8\java\demo)
[2026-02-24 15:07:38:3125334][restartedMain] DEBUG com.hana8.demo.DemoApplication - Running with Spring Boot v4.0.3, Spring v7.0.5
[2026-02-24 15:07:38:3125334][restartedMain] INFO  com.hana8.demo.DemoApplication - No active profile set, falling back to 1 default profile: "default"
[2026-02-24 15:07:38:3125708][restartedMain] INFO  com.hana8.demo.DemoApplication - Started DemoApplication in 0.437 seconds (process running for 3126.199)
[2026-02-24 15:08:19:3167172][restartedMain] INFO  com.hana8.demo.DemoApplication - Starting DemoApplication using Java 21.0.9 with PID 31388 (C:\mygit\hana8\java\demo\build\classes\java\main started by tiger in C:\mygit\hana8\java\demo)
[2026-02-24 15:08:19:3167172][restartedMain] DEBUG com.hana8.demo.DemoApplication - Running with Spring Boot v4.0.3, Spring v7.0.5
[2026-02-24 15:08:19:3167174][restartedMain] INFO  com.hana8.demo.DemoApplication - No active profile set, falling back to 1 default profile: "default"
[2026-02-24 15:08:20:3167404][restartedMain] INFO  com.hana8.demo.DemoApplication - Started DemoApplication in 0.278 seconds (process running for 3167.902)
[2026-02-24 15:08:55:3202834][restartedMain] INFO  com.hana8.demo.DemoApplication - Starting DemoApplication using Java 21.0.9 with PID 31388 (C:\mygit\hana8\java\demo\build\classes\java\main started by tiger in C:\mygit\hana8\java\demo)
[2026-02-24 15:08:55:3202835][restartedMain] DEBUG com.hana8.demo.DemoApplication - Running with Spring Boot v4.0.3, Spring v7.0.5
[2026-02-24 15:08:55:3202835][restartedMain] INFO  com.hana8.demo.DemoApplication - No active profile set, falling back to 1 default profile: "default"
[2026-02-24 15:08:55:3202968][restartedMain] INFO  com.hana8.demo.DemoApplication - Started DemoApplication in 0.159 seconds (process running for 3203.457)
[2026-02-24 15:09:17:3224911][restartedMain] INFO  com.hana8.demo.DemoApplication - Starting DemoApplication using Java 21.0.9 with PID 31388 (C:\mygit\hana8\java\demo\build\classes\java\main started by tiger in C:\mygit\hana8\java\demo)
[2026-02-24 15:09:17:3224911][restartedMain] DEBUG com.hana8.demo.DemoApplication - Running with Spring Boot v4.0.3, Spring v7.0.5
[2026-02-24 15:09:17:3224911][restartedMain] INFO  com.hana8.demo.DemoApplication - No active profile set, falling back to 1 default profile: "default"
[2026-02-24 15:09:17:3225119][restartedMain] INFO  com.hana8.demo.DemoApplication - Started DemoApplication in 0.24 seconds (process running for 3225.606)
[2026-02-24 15:12:19:3406679][restartedMain] INFO  com.hana8.demo.DemoApplication - Starting DemoApplication using Java 21.0.9 with PID 31388 (C:\mygit\hana8\java\demo\build\classes\java\main started by tiger in C:\mygit\hana8\java\demo)
[2026-02-24 15:12:19:3406679][restartedMain] DEBUG com.hana8.demo.DemoApplication - Running with Spring Boot v4.0.3, Spring v7.0.5
[2026-02-24 15:12:19:3406679][restartedMain] INFO  com.hana8.demo.DemoApplication - No active profile set, falling back to 1 default profile: "default"
[2026-02-24 15:12:19:3406803][restartedMain] INFO  com.hana8.demo.DemoApplication - Started DemoApplication in 0.151 seconds (process running for 3407.293)
[2026-02-24 15:14:39:3546757][restartedMain] INFO  com.hana8.demo.DemoApplication - Starting DemoApplication using Java 21.0.9 with PID 31388 (C:\mygit\hana8\java\demo\build\classes\java\main started by tiger in C:\mygit\hana8\java\demo)
[2026-02-24 15:14:39:3546757][restartedMain] DEBUG com.hana8.demo.DemoApplication - Running with Spring Boot v4.0.3, Spring v7.0.5
[2026-02-24 15:14:39:3546757][restartedMain] INFO  com.hana8.demo.DemoApplication - No active profile set, falling back to 1 default profile: "default"
[2026-02-24 15:14:39:3547032][restartedMain] INFO  com.hana8.demo.DemoApplication - Started DemoApplication in 0.305 seconds (process running for 3547.521)
[2026-02-24 16:01:38:6365437][restartedMain] INFO  com.hana8.demo.DemoApplication - Starting DemoApplication using Java 21.0.9 with PID 31388 (C:\mygit\hana8\java\demo\build\classes\java\main started by tiger in C:\mygit\hana8\java\demo)
[2026-02-24 16:01:38:6365437][restartedMain] DEBUG com.hana8.demo.DemoApplication - Running with Spring Boot v4.0.3, Spring v7.0.5
[2026-02-24 16:01:38:6365437][restartedMain] INFO  com.hana8.demo.DemoApplication - No active profile set, falling back to 1 default profile: "default"
[2026-02-24 16:01:38:6365686][restartedMain] INFO  com.hana8.demo.DemoApplication - Started DemoApplication in 0.287 seconds (process running for 6366.21)
[2026-02-24 16:01:53:6380482][restartedMain] INFO  com.hana8.demo.DemoApplication - Starting DemoApplication using Java 21.0.9 with PID 31388 (C:\mygit\hana8\java\demo\build\classes\java\main started by tiger in C:\mygit\hana8\java\demo)
[2026-02-24 16:01:53:6380482][restartedMain] DEBUG com.hana8.demo.DemoApplication - Running with Spring Boot v4.0.3, Spring v7.0.5
[2026-02-24 16:01:53:6380482][restartedMain] INFO  com.hana8.demo.DemoApplication - No active profile set, falling back to 1 default profile: "default"
[2026-02-24 16:01:53:6380762][restartedMain] INFO  com.hana8.demo.DemoApplication - Started DemoApplication in 0.319 seconds (process running for 6381.294)
[2026-02-24 16:02:12:6399838][restartedMain] INFO  com.hana8.demo.DemoApplication - Starting DemoApplication using Java 21.0.9 with PID 31388 (C:\mygit\hana8\java\demo\build\classes\java\main started by tiger in C:\mygit\hana8\java\demo)
[2026-02-24 16:02:12:6399838][restartedMain] DEBUG com.hana8.demo.DemoApplication - Running with Spring Boot v4.0.3, Spring v7.0.5
[2026-02-24 16:02:12:6399838][restartedMain] INFO  com.hana8.demo.DemoApplication - No active profile set, falling back to 1 default profile: "default"
[2026-02-24 16:02:12:6400059][restartedMain] INFO  com.hana8.demo.DemoApplication - Started DemoApplication in 0.236 seconds (process running for 6400.588)
[2026-02-24 18:16:12:944][restartedMain] INFO  com.hana8.demo.DemoApplication - Starting DemoApplication using Java 21.0.9 with PID 31008 (C:\mygit\hana8\java\demo\build\classes\java\main started by tiger in C:\mygit\hana8\java\demo)
[2026-02-24 18:16:12:947][restartedMain] DEBUG com.hana8.demo.DemoApplication - Running with Spring Boot v4.0.3, Spring v7.0.5
[2026-02-24 18:16:12:948][restartedMain] INFO  com.hana8.demo.DemoApplication - No active profile set, falling back to 1 default profile: "default"
[2026-02-24 18:16:14:2530][restartedMain] INFO  com.hana8.demo.DemoApplication - Started DemoApplication in 2.24 seconds (process running for 3.567)
[2026-02-24 18:20:11:805][restartedMain] INFO  com.hana8.demo.DemoApplication - Starting DemoApplication using Java 21.0.9 with PID 18076 (C:\mygit\hana8\java\demo\build\classes\java\main started by tiger in C:\mygit\hana8\java\demo)
[2026-02-24 18:20:11:807][restartedMain] DEBUG com.hana8.demo.DemoApplication - Running with Spring Boot v4.0.3, Spring v7.0.5
[2026-02-24 18:20:11:807][restartedMain] INFO  com.hana8.demo.DemoApplication - No active profile set, falling back to 1 default profile: "default"
[2026-02-24 18:20:13:2443][restartedMain] INFO  com.hana8.demo.DemoApplication - Started DemoApplication in 2.231 seconds (process running for 3.013)
[2026-03-12 09:44:28:848][main] INFO  com.hana8.demo.DemoApplication - Starting DemoApplication using Java 21.0.9 with PID 32072 (C:\mygit\hana8\java\demo\build\classes\java\main started by tiger in C:\mygit\hana8\java\demo)
[2026-03-12 09:44:28:848][main] INFO  com.hana8.demo.DemoApplication - Starting DemoApplication using Java 21.0.9 with PID 32072 (C:\mygit\hana8\java\demo\build\classes\java\main started by tiger in C:\mygit\hana8\java\demo)
[2026-03-12 09:44:28:850][main] INFO  com.hana8.demo.DemoApplication - No active profile set, falling back to 1 default profile: "default"
[2026-03-12 09:44:28:850][main] INFO  com.hana8.demo.DemoApplication - No active profile set, falling back to 1 default profile: "default"
[2026-03-12 09:47:38:653][main] INFO  com.hana8.demo.DemoApplication - Starting DemoApplication using Java 21.0.9 with PID 38836 (C:\mygit\hana8\java\demo\build\classes\java\main started by tiger in C:\mygit\hana8\java\demo)
[2026-03-12 09:47:38:653][main] INFO  com.hana8.demo.DemoApplication - Starting DemoApplication using Java 21.0.9 with PID 38836 (C:\mygit\hana8\java\demo\build\classes\java\main started by tiger in C:\mygit\hana8\java\demo)
[2026-03-12 09:47:38:653][main] INFO  com.hana8.demo.DemoApplication - No active profile set, falling back to 1 default profile: "default"
[2026-03-12 09:47:38:653][main] INFO  com.hana8.demo.DemoApplication - No active profile set, falling back to 1 default profile: "default"
[2026-03-12 09:47:58:830][main] INFO  com.hana8.demo.DemoApplication - Starting DemoApplication using Java 21.0.9 with PID 7012 (C:\mygit\hana8\java\demo\build\classes\java\main started by tiger in C:\mygit\hana8\java\demo)
[2026-03-12 09:47:58:830][main] INFO  com.hana8.demo.DemoApplication - Starting DemoApplication using Java 21.0.9 with PID 7012 (C:\mygit\hana8\java\demo\build\classes\java\main started by tiger in C:\mygit\hana8\java\demo)
[2026-03-12 09:47:58:833][main] INFO  com.hana8.demo.DemoApplication - No active profile set, falling back to 1 default profile: "default"
[2026-03-12 09:47:58:833][main] INFO  com.hana8.demo.DemoApplication - No active profile set, falling back to 1 default profile: "default"
[2026-03-12 09:56:50:730][main] INFO  com.hana8.demo.DemoApplication - Starting DemoApplication using Java 21.0.9 with PID 45360 (C:\mygit\hana8\java\demo\build\classes\java\main started by tiger in C:\mygit\hana8\java\demo)
[2026-03-12 09:56:50:730][main] INFO  com.hana8.demo.DemoApplication - Starting DemoApplication using Java 21.0.9 with PID 45360 (C:\mygit\hana8\java\demo\build\classes\java\main started by tiger in C:\mygit\hana8\java\demo)
[2026-03-12 09:56:50:732][main] INFO  com.hana8.demo.DemoApplication - No active profile set, falling back to 1 default profile: "default"
[2026-03-12 09:56:50:732][main] INFO  com.hana8.demo.DemoApplication - No active profile set, falling back to 1 default profile: "default"
[2026-03-12 10:00:19:1798][Test worker] INFO  c.h.d.r.MemberImageCheckTest - Starting MemberImageCheckTest using Java 21.0.9 with PID 45260 (started by tiger in C:\mygit\hana8\java\demo)
[2026-03-12 10:00:19:1801][Test worker] DEBUG c.h.d.r.MemberImageCheckTest - Running with Spring Boot v4.0.3, Spring v7.0.5
[2026-03-12 10:00:19:1803][Test worker] INFO  c.h.d.r.MemberImageCheckTest - No active profile set, falling back to 1 default profile: "default"
[2026-03-12 10:01:45:2083][Test worker] INFO  c.h.d.r.MemberImageCheckTest - Starting MemberImageCheckTest using Java 21.0.9 with PID 27888 (started by tiger in C:\mygit\hana8\java\demo)
[2026-03-12 10:01:45:2085][Test worker] DEBUG c.h.d.r.MemberImageCheckTest - Running with Spring Boot v4.0.3, Spring v7.0.5
[2026-03-12 10:01:45:2087][Test worker] INFO  c.h.d.r.MemberImageCheckTest - No active profile set, falling back to 1 default profile: "default"
[2026-03-12 10:02:14:2032][Test worker] INFO  c.h.d.r.MemberImageCheckTest - Starting MemberImageCheckTest using Java 21.0.9 with PID 8960 (started by tiger in C:\mygit\hana8\java\demo)
[2026-03-12 10:02:14:2035][Test worker] DEBUG c.h.d.r.MemberImageCheckTest - Running with Spring Boot v4.0.3, Spring v7.0.5
[2026-03-12 10:02:14:2037][Test worker] INFO  c.h.d.r.MemberImageCheckTest - No active profile set, falling back to 1 default profile: "default"
[2026-03-12 10:04:11:2082][Test worker] INFO  c.h.d.r.MemberImageCheckTest - Starting MemberImageCheckTest using Java 21.0.9 with PID 6396 (started by tiger in C:\mygit\hana8\java\demo)
[2026-03-12 10:04:11:2085][Test worker] DEBUG c.h.d.r.MemberImageCheckTest - Running with Spring Boot v4.0.3, Spring v7.0.5
[2026-03-12 10:04:11:2085][Test worker] INFO  c.h.d.r.MemberImageCheckTest - No active profile set, falling back to 1 default profile: "default"
[2026-03-12 10:04:24:15582][Test worker] INFO  c.h.d.r.MemberImageCheckTest - Started MemberImageCheckTest in 14.517 seconds (process running for 18.246)
[2026-03-12 10:08:58:867][main] INFO  com.hana8.demo.DemoApplication - Starting DemoApplication using Java 21.0.9 with PID 22276 (C:\mygit\hana8\java\demo\build\classes\java\main started by tiger in C:\mygit\hana8\java\demo)
[2026-03-12 10:08:58:867][main] INFO  com.hana8.demo.DemoApplication - Starting DemoApplication using Java 21.0.9 with PID 22276 (C:\mygit\hana8\java\demo\build\classes\java\main started by tiger in C:\mygit\hana8\java\demo)
[2026-03-12 10:08:58:871][main] INFO  com.hana8.demo.DemoApplication - No active profile set, falling back to 1 default profile: "default"
[2026-03-12 10:08:58:871][main] INFO  com.hana8.demo.DemoApplication - No active profile set, falling back to 1 default profile: "default"
[2026-03-12 10:09:04:6752][main] INFO  com.hana8.demo.DemoApplication - Started DemoApplication in 6.505 seconds (process running for 7.235)
[2026-03-12 10:09:04:6752][main] INFO  com.hana8.demo.DemoApplication - Started DemoApplication in 6.505 seconds (process running for 7.235)
[2026-03-12 10:20:57:1120][main] INFO  com.hana8.demo.DemoApplication - Starting DemoApplication using Java 21.0.9 with PID 24508 (C:\mygit\hana8\java\demo\build\classes\java\main started by tiger in C:\mygit\hana8\java\demo)
[2026-03-12 10:20:57:1120][main] INFO  com.hana8.demo.DemoApplication - Starting DemoApplication using Java 21.0.9 with PID 24508 (C:\mygit\hana8\java\demo\build\classes\java\main started by tiger in C:\mygit\hana8\java\demo)
[2026-03-12 10:20:57:1125][main] INFO  com.hana8.demo.DemoApplication - No active profile set, falling back to 1 default profile: "default"
[2026-03-12 10:20:57:1125][main] INFO  com.hana8.demo.DemoApplication - No active profile set, falling back to 1 default profile: "default"
[2026-03-12 10:21:03:6847][main] INFO  com.hana8.demo.DemoApplication - Started DemoApplication in 6.62 seconds (process running for 7.424)
[2026-03-12 10:21:03:6847][main] INFO  com.hana8.demo.DemoApplication - Started DemoApplication in 6.62 seconds (process running for 7.424)
[2026-03-12 10:30:26:912][main] INFO  com.hana8.demo.DemoApplication - Starting DemoApplication using Java 21.0.9 with PID 46604 (C:\mygit\hana8\java\demo\build\classes\java\main started by tiger in C:\mygit\hana8\java\demo)
[2026-03-12 10:30:26:912][main] INFO  com.hana8.demo.DemoApplication - Starting DemoApplication using Java 21.0.9 with PID 46604 (C:\mygit\hana8\java\demo\build\classes\java\main started by tiger in C:\mygit\hana8\java\demo)
[2026-03-12 10:30:26:919][main] INFO  com.hana8.demo.DemoApplication - No active profile set, falling back to 1 default profile: "default"
[2026-03-12 10:30:26:919][main] INFO  com.hana8.demo.DemoApplication - No active profile set, falling back to 1 default profile: "default"
[2026-03-12 10:30:32:6615][main] INFO  com.hana8.demo.DemoApplication - Started DemoApplication in 6.292 seconds (process running for 7.136)
[2026-03-12 10:30:32:6615][main] INFO  com.hana8.demo.DemoApplication - Started DemoApplication in 6.292 seconds (process running for 7.136)
[2026-03-12 10:38:22:848][main] INFO  com.hana8.demo.DemoApplication - Starting DemoApplication using Java 21.0.9 with PID 25064 (C:\mygit\hana8\java\demo\build\classes\java\main started by tiger in C:\mygit\hana8\java\demo)
[2026-03-12 10:38:22:848][main] INFO  com.hana8.demo.DemoApplication - Starting DemoApplication using Java 21.0.9 with PID 25064 (C:\mygit\hana8\java\demo\build\classes\java\main started by tiger in C:\mygit\hana8\java\demo)
[2026-03-12 10:38:22:851][main] INFO  com.hana8.demo.DemoApplication - No active profile set, falling back to 1 default profile: "default"
[2026-03-12 10:38:22:851][main] INFO  com.hana8.demo.DemoApplication - No active profile set, falling back to 1 default profile: "default"
[2026-03-12 10:38:27:6629][main] INFO  com.hana8.demo.DemoApplication - Started DemoApplication in 6.372 seconds (process running for 7.026)
[2026-03-12 10:38:27:6629][main] INFO  com.hana8.demo.DemoApplication - Started DemoApplication in 6.372 seconds (process running for 7.026)
[2026-03-12 10:39:37:681][main] INFO  com.hana8.demo.DemoApplication - Starting DemoApplication using Java 21.0.9 with PID 23224 (C:\mygit\hana8\java\demo\build\classes\java\main started by tiger in C:\mygit\hana8\java\demo)
[2026-03-12 10:39:37:681][main] INFO  com.hana8.demo.DemoApplication - Starting DemoApplication using Java 21.0.9 with PID 23224 (C:\mygit\hana8\java\demo\build\classes\java\main started by tiger in C:\mygit\hana8\java\demo)
[2026-03-12 10:39:37:683][main] INFO  com.hana8.demo.DemoApplication - No active profile set, falling back to 1 default profile: "default"
[2026-03-12 10:39:37:683][main] INFO  com.hana8.demo.DemoApplication - No active profile set, falling back to 1 default profile: "default"
[2026-03-12 10:39:43:6453][main] INFO  com.hana8.demo.DemoApplication - Started DemoApplication in 6.287 seconds (process running for 6.839)
[2026-03-12 10:39:43:6453][main] INFO  com.hana8.demo.DemoApplication - Started DemoApplication in 6.287 seconds (process running for 6.839)
[2026-03-12 10:47:15:1091][main] INFO  com.hana8.demo.DemoApplication - Starting DemoApplication using Java 21.0.9 with PID 44780 (C:\mygit\hana8\java\demo\build\classes\java\main started by tiger in C:\mygit\hana8\java\demo)
[2026-03-12 10:47:15:1091][main] INFO  com.hana8.demo.DemoApplication - Starting DemoApplication using Java 21.0.9 with PID 44780 (C:\mygit\hana8\java\demo\build\classes\java\main started by tiger in C:\mygit\hana8\java\demo)
[2026-03-12 10:47:15:1097][main] INFO  com.hana8.demo.DemoApplication - No active profile set, falling back to 1 default profile: "default"
[2026-03-12 10:47:15:1097][main] INFO  com.hana8.demo.DemoApplication - No active profile set, falling back to 1 default profile: "default"
[2026-03-12 10:47:25:10862][main] INFO  com.hana8.demo.DemoApplication - Started DemoApplication in 10.558 seconds (process running for 11.431)
[2026-03-12 10:47:25:10862][main] INFO  com.hana8.demo.DemoApplication - Started DemoApplication in 10.558 seconds (process running for 11.431)
[2026-03-12 11:03:03:705][main] INFO  com.hana8.demo.DemoApplication - Starting DemoApplication using Java 21.0.9 with PID 21536 (C:\mygit\hana8\java\demo\build\classes\java\main started by tiger in C:\mygit\hana8\java\demo)
[2026-03-12 11:03:03:705][main] INFO  com.hana8.demo.DemoApplication - Starting DemoApplication using Java 21.0.9 with PID 21536 (C:\mygit\hana8\java\demo\build\classes\java\main started by tiger in C:\mygit\hana8\java\demo)
[2026-03-12 11:03:03:711][main] INFO  com.hana8.demo.DemoApplication - No active profile set, falling back to 1 default profile: "default"
[2026-03-12 11:03:03:711][main] INFO  com.hana8.demo.DemoApplication - No active profile set, falling back to 1 default profile: "default"
[2026-03-12 11:03:08:6203][main] INFO  com.hana8.demo.DemoApplication - Started DemoApplication in 6.004 seconds (process running for 7.573)
[2026-03-12 11:03:08:6203][main] INFO  com.hana8.demo.DemoApplication - Started DemoApplication in 6.004 seconds (process running for 7.573)
